!pip install pygit2==1.15.1
!pip install requests
#%rm -R /content/FooCus-HTX
%cd /content
#!git clone https://github.com/lllyasviel/Fooocus.git
!git clone https://github.com/KVAMALRAJ/FooCus-HTX.git
%cd /content/FooCus-HTX/
!python entry_with_update.py --share --always-high-vram  --debug-mode --always-offload-from-vram --disable-server-log

Requirement already satisfied: pygit2==1.15.1 in /usr/local/lib/python3.11/dist-packages (1.15.1)
Requirement already satisfied: cffi>=1.16.0 in /usr/local/lib/python3.11/dist-packages (from pygit2==1.15.1) (1.17.1)
Requirement already satisfied: pycparser in /usr/local/lib/python3.11/dist-packages (from cffi>=1.16.0->pygit2==1.15.1) (2.22)
Requirement already satisfied: requests in /usr/local/lib/python3.11/dist-packages (2.31.0)
Requirement already satisfied: charset-normalizer<4,>=2 in /usr/local/lib/python3.11/dist-packages (from requests) (3.4.2)
Requirement already satisfied: idna<4,>=2.5 in /usr/local/lib/python3.11/dist-packages (from requests) (3.10)
Requirement already satisfied: urllib3<3,>=1.21.1 in /usr/local/lib/python3.11/dist-packages (from requests) (2.4.0)
Requirement already satisfied: certifi>=2017.4.17 in /usr/local/lib/python3.11/dist-packages (from requests) (2025.7.14)
Requirement already satisfied: supervision in /usr/local/lib/python3.11/dist-packages (0.6.0)
Requirement already satisfied: numpy>=1.20.0 in /usr/local/lib/python3.11/dist-packages (from supervision) (1.26.4)
Requirement already satisfied: opencv-python in /usr/local/lib/python3.11/dist-packages (from supervision) (4.11.0.86)
Requirement already satisfied: matplotlib in /usr/local/lib/python3.11/dist-packages (from supervision) (3.10.0)
Requirement already satisfied: contourpy>=1.0.1 in /usr/local/lib/python3.11/dist-packages (from matplotlib->supervision) (1.3.2)
Requirement already satisfied: cycler>=0.10 in /usr/local/lib/python3.11/dist-packages (from matplotlib->supervision) (0.12.1)
Requirement already satisfied: fonttools>=4.22.0 in /usr/local/lib/python3.11/dist-packages (from matplotlib->supervision) (4.58.5)
Requirement already satisfied: kiwisolver>=1.3.1 in /usr/local/lib/python3.11/dist-packages (from matplotlib->supervision) (1.4.8)
Requirement already satisfied: packaging>=20.0 in /usr/local/lib/python3.11/dist-packages (from matplotlib->supervision) (24.1)
Requirement already satisfied: pillow>=8 in /usr/local/lib/python3.11/dist-packages (from matplotlib->supervision) (10.4.0)
Requirement already satisfied: pyparsing>=2.3.1 in /usr/local/lib/python3.11/dist-packages (from matplotlib->supervision) (3.2.3)
Requirement already satisfied: python-dateutil>=2.7 in /usr/local/lib/python3.11/dist-packages (from matplotlib->supervision) (2.9.0.post0)
Requirement already satisfied: six>=1.5 in /usr/local/lib/python3.11/dist-packages (from python-dateutil>=2.7->matplotlib->supervision) (1.17.0)
/content
fatal: destination path 'FooCus-HTX' already exists and is not an empty directory.
/content/FooCus-HTX
Already up-to-date
Update succeeded.
[System ARGV] ['entry_with_update.py', '--share', '--always-high-vram', '--debug-mode', '--always-offload-from-vram', '--disable-server-log']
Python 3.11.13 (main, Jun  4 2025, 08:57:29) [GCC 11.4.0]
Fooocus version: 2.5.5
[Cleanup] Attempting to delete content of temp dir /tmp/fooocus
[Cleanup] Cleanup successful
Total VRAM 15095 MB, total RAM 12976 MB
Set vram state to: HIGH_VRAM
Always offload VRAM
Device: cuda:0 Tesla T4 : native
VAE dtype: torch.float32
Using pytorch cross attention
Refiner unloaded.
Traceback (most recent call last):
  File "/content/FooCus-HTX/entry_with_update.py", line 46, in <module>
    from launch import *
  File "/content/FooCus-HTX/launch.py", line 152, in <module>
    from webui import *
  File "/content/FooCus-HTX/webui.py", line 870, in <module>
    civitai_files_list = gr.Dataframe(
                         ^^^^^^^^^^^^^
  File "/usr/local/lib/python3.11/dist-packages/gradio/component_meta.py", line 167, in wrapper
    return fn(self, **kwargs)
           ^^^^^^^^^^^^^^^^^^
TypeError: Dataframe.__init__() got an unexpected keyword argument 'max_rows'
model_type EPS
UNet ADM Dimension 2816
terminate called without an active exception
